
 .d8888b.                                             888 8888888b.  888888b.
d88P  Y88b                                            888 888  'Y88b 888  '88b
Y88b.                                                 888 888    888 888  .88P
 'Y888b.   888  888 888d888 888d888  .d88b.   8888b.  888 888    888 8888888K.
    'Y88b. 888  888 888P'   888P'   d8P  Y8b     '88b 888 888    888 888  'Y88b
      '888 888  888 888     888     88888888 .d888888 888 888    888 888    888
Y88b  d88P Y88b 888 888     888     Y8b.     888  888 888 888  .d88P 888   d88P
 'Y8888P'   'Y88888 888     888      'Y8888  'Y888888 888 8888888P'  8888888P'


[2m2026-05-30T07:22:18.364384Z[0m [32m INFO[0m [2msurrealdb_server::env[0m[2m:[0m Running 3.0.5 for macos on aarch64
[2m2026-05-30T07:22:18.366563Z[0m [32m INFO[0m [2msurrealdb::core::kvs::ds[0m[2m:[0m Starting kvs store at relative path surrealkv://fluvio_surreal_collab_data
[2m2026-05-30T07:22:18.368451Z[0m [32m INFO[0m [2msurrealdb::core::kvs::surrealkv[0m[2m:[0m Enabling value log separation: true
[2m2026-05-30T07:22:18.379774Z[0m [32m INFO[0m [2msurrealdb::core::kvs::surrealkv[0m[2m:[0m Setting value log max file size: 134217728
[2m2026-05-30T07:22:18.379787Z[0m [32m INFO[0m [2msurrealdb::core::kvs::surrealkv[0m[2m:[0m Setting value log threshold: 4096
[2m2026-05-30T07:22:18.379788Z[0m [32m INFO[0m [2msurrealdb::core::kvs::surrealkv[0m[2m:[0m Versioning enabled: false with retention period: 0ns
[2m2026-05-30T07:22:18.379790Z[0m [32m INFO[0m [2msurrealdb::core::kvs::surrealkv[0m[2m:[0m Versioning with versioned_index: false
[2m2026-05-30T07:22:18.389265Z[0m [32m INFO[0m [2msurrealdb::core::kvs::surrealkv[0m[2m:[0m Setting block cache capacity: 3221225472
[2m2026-05-30T07:22:18.389357Z[0m [32m INFO[0m [2msurrealdb::core::kvs::surrealkv[0m[2m:[0m Setting block size: 65536
[2m2026-05-30T07:22:18.390145Z[0m [32m INFO[0m [2msurrealkv::lsm[0m[2m:[0m === Starting LSM tree initialization ===
[2m2026-05-30T07:22:18.390149Z[0m [32m INFO[0m [2msurrealkv::lsm[0m[2m:[0m Database path: "fluvio_surreal_collab_data"
[2m2026-05-30T07:22:18.421088Z[0m [32m INFO[0m [2msurrealkv::lsm[0m[2m:[0m Manifest state: log_number=0, last_sequence=0
[2m2026-05-30T07:22:18.421102Z[0m [32m INFO[0m [2msurrealkv::wal::recovery[0m[2m:[0m Starting WAL recovery from directory: "fluvio_surreal_collab_data/wal"
[2m2026-05-30T07:22:18.421162Z[0m [32m INFO[0m [2msurrealkv::wal::recovery[0m[2m:[0m Replaying WAL segments #00000000000000000000 to #00000000000000000000
[2m2026-05-30T07:22:18.429707Z[0m [32m INFO[0m [2msurrealkv::wal::recovery[0m[2m:[0m WAL recovery complete: 0 batches across 0 segments, 0 memtables created, max_seq_num=None
[2m2026-05-30T07:22:18.429763Z[0m [32m INFO[0m [2msurrealkv::lsm[0m[2m:[0m === LSM tree initialization complete ===
[2m2026-05-30T07:22:18.446940Z[0m [32m INFO[0m [2msurrealdb::core::kvs::surrealkv[0m[2m:[0m Sync mode: every transaction commit
[2m2026-05-30T07:22:18.446953Z[0m [32m INFO[0m [2msurrealdb::core::kvs::surrealkv[0m[2m:[0m Grouped commit: enabled (timeout=5000000ns, wait_threshold=12, max_batch_size=4096)
[2m2026-05-30T07:22:18.446985Z[0m [32m INFO[0m [2msurrealdb::core::kvs::ds[0m[2m:[0m Started surrealkv kvs store
[2m2026-05-30T07:22:18.453792Z[0m [32m INFO[0m [2msurreal::dbs[0m[2m:[0m Operation succeeded [3moperation[0m[2m=[0m"check_version" [3mattempts[0m[2m=[0m1
[2m2026-05-30T07:22:18.453802Z[0m [32m INFO[0m [2msurrealdb::core::kvs::ds[0m[2m:[0m This is a new SurrealDB instance. Initialising default namespace 'main' and database 'main'
[2m2026-05-30T07:22:18.513681Z[0m [32m INFO[0m [2msurreal::dbs[0m[2m:[0m Operation succeeded [3moperation[0m[2m=[0m"initialise_defaults" [3mattempts[0m[2m=[0m1
[2m2026-05-30T07:22:18.513692Z[0m [32m INFO[0m [2msurreal::dbs[0m[2m:[0m Initialising credentials [3muser[0m[2m=[0mroot
[2m2026-05-30T07:22:18.513713Z[0m [32m INFO[0m [2msurrealdb::core::kvs::ds[0m[2m:[0m Credentials were provided, and no root users were found. The root user 'root' will be created
[2m2026-05-30T07:22:18.536521Z[0m [32m INFO[0m [2msurreal::dbs[0m[2m:[0m Operation succeeded [3moperation[0m[2m=[0m"initialise_credentials" [3mattempts[0m[2m=[0m1
[2m2026-05-30T07:22:18.547453Z[0m [32m INFO[0m [2msurreal::dbs[0m[2m:[0m Operation succeeded [3moperation[0m[2m=[0m"Insert node" [3mattempts[0m[2m=[0m1
[2m2026-05-30T07:22:18.547491Z[0m [32m INFO[0m [2msurreal::dbs[0m[2m:[0m Operation succeeded [3moperation[0m[2m=[0m"Expire nodes" [3mattempts[0m[2m=[0m1
[2m2026-05-30T07:22:18.547500Z[0m [32m INFO[0m [2msurreal::dbs[0m[2m:[0m Operation succeeded [3moperation[0m[2m=[0m"Remove nodes" [3mattempts[0m[2m=[0m1
[2m2026-05-30T07:22:18.547679Z[0m [32m INFO[0m [2msurrealdb::net[0m[2m:[0m Listening for a system shutdown signal.
[2m2026-05-30T07:22:18.547690Z[0m [32m INFO[0m [2msurrealdb::net[0m[2m:[0m Started web server on 127.0.0.1:8001
